This is XeTeX, Version 3.14159265-2.6-0.99991 (MiKTeX 2.9 64-bit) (preloaded format=xelatex 2016.4.2)  10 AUG 2016 09:35
entering extended mode
**E:/workspace/IDE/sublime_text3/test.tex
(E:/workspace/IDE/sublime_text3/test.tex
LaTeX2e <2014/05/01>
Babel <3.9l> and hyphenation patterns for 68 languages loaded.
(D:\soft\program\ProText\MiKTeX\wholeMiktex\tex\latex\base\article.cls
Document Class: article 2014/09/29 v1.4h Standard LaTeX document class
(D:\soft\program\ProText\MiKTeX\wholeMiktex\tex\latex\base\size10.clo
File: size10.clo 2014/09/29 v1.4h Standard LaTeX file (size option)
)
\c@part=\count80
\c@section=\count81
\c@subsection=\count82
\c@subsubsection=\count83
\c@paragraph=\count84
\c@subparagraph=\count85
\c@figure=\count86
\c@table=\count87
\abovecaptionskip=\skip41
\belowcaptionskip=\skip42
\bibindent=\dimen102
)
Invalid UTF-8 byte or sequence at line 4 replaced by U+FFFD.
Invalid UTF-8 byte or sequence at line 4 replaced by U+FFFD.
Invalid UTF-8 byte or sequence at line 4 replaced by U+FFFD.

(D:\soft\program\ProText\MiKTeX\wholeMiktex\tex\latex\ctex\ctex.sty
Package: ctex 2014/06/09 v1.02d ctex macros package

(D:\soft\program\ProText\MiKTeX\wholeMiktex\tex\latex\ctex\opt\ctex-common-opts
.def)
(D:\soft\program\ProText\MiKTeX\wholeMiktex\tex\latex\ctex\def\ctex-common.def
(D:\soft\program\ProText\MiKTeX\wholeMiktex\tex\latex\l3kernel\expl3.sty
Package: expl3 2015/03/01 v5547 L3 programming layer (loader) 

(D:\soft\program\ProText\MiKTeX\wholeMiktex\tex\latex\l3kernel\expl3-code.tex
Package: expl3 2015/03/01 v5547 L3 programming layer (code) 
L3 Module: l3bootstrap 2015/02/28 v5542 L3 Bootstrap code

(D:\soft\program\ProText\MiKTeX\wholeMiktex\tex\latex\misc\etex.sty
Package: etex 2015/03/02 v2.1 eTeX basic definition package (PEB,DPC)
\et@xins=\count88
)
L3 Module: l3names 2015/02/24 v5535 L3 Namespace for primitives
L3 Module: l3basics 2015/01/27 v5500 L3 Basic definitions
L3 Module: l3expan 2014/11/27 v5472 L3 Argument expansion
L3 Module: l3tl 2015/01/27 v5500 L3 Token lists
L3 Module: l3str 2015/03/01 v5545 L3 Strings
L3 Module: l3seq 2014/08/23 v5354 L3 Sequences and stacks
L3 Module: l3int 2015/02/21 v5529 L3 Integers
\c_max_int=\count89
\l_tmpa_int=\count90
\l_tmpb_int=\count91
\g_tmpa_int=\count92
\g_tmpb_int=\count93
L3 Module: l3quark 2014/08/23 v5354 L3 Quarks
L3 Module: l3prg 2014/08/23 v5354 L3 Control structures
\g__prg_map_int=\count94
L3 Module: l3clist 2014/08/23 v5354 L3 Comma separated lists
L3 Module: l3token 2014/09/15 v5422 L3 Experimental token manipulation
L3 Module: l3prop 2014/08/23 v5354 L3 Property lists
L3 Module: l3msg 2015/02/26 v5537 L3 Messages
L3 Module: l3file 2014/08/24 v5369 L3 File and I/O operations
\l_iow_line_count_int=\count95
\l__iow_target_count_int=\count96
\l__iow_current_line_int=\count97
\l__iow_current_word_int=\count98
\l__iow_current_indentation_int=\count99
L3 Module: l3skip 2014/08/23 v5354 L3 Dimensions and skips
\c_zero_dim=\dimen103
\c_max_dim=\dimen104
\l_tmpa_dim=\dimen105
\l_tmpb_dim=\dimen106
\g_tmpa_dim=\dimen107
\g_tmpb_dim=\dimen108
\c_zero_skip=\skip43
\c_max_skip=\skip44
\l_tmpa_skip=\skip45
\l_tmpb_skip=\skip46
\g_tmpa_skip=\skip47
\g_tmpb_skip=\skip48
\c_zero_muskip=\muskip10
\c_max_muskip=\muskip11
\l_tmpa_muskip=\muskip12
\l_tmpb_muskip=\muskip13
\g_tmpa_muskip=\muskip14
\g_tmpb_muskip=\muskip15
L3 Module: l3keys 2015/01/27 v5500 L3 Key-value interfaces
\g__keyval_level_int=\count100
\l_keys_choice_int=\count101
L3 Module: l3fp 2014/08/22 v5336 L3 Floating points
\c__fp_leading_shift_int=\count102
\c__fp_middle_shift_int=\count103
\c__fp_trailing_shift_int=\count104
\c__fp_big_leading_shift_int=\count105
\c__fp_big_middle_shift_int=\count106
\c__fp_big_trailing_shift_int=\count107
\c__fp_Bigg_leading_shift_int=\count108
\c__fp_Bigg_middle_shift_int=\count109
\c__fp_Bigg_trailing_shift_int=\count110
L3 Module: l3box 2014/08/23 v5354 L3 Experimental boxes
\c_empty_box=\box26
\l_tmpa_box=\box27
\l_tmpb_box=\box28
\g_tmpa_box=\box29
\g_tmpb_box=\box30
L3 Module: l3coffins 2014/08/23 v5354 L3 Coffin code layer
\l__coffin_internal_box=\box31
\l__coffin_internal_dim=\dimen109
\l__coffin_offset_x_dim=\dimen110
\l__coffin_offset_y_dim=\dimen111
\l__coffin_x_dim=\dimen112
\l__coffin_y_dim=\dimen113
\l__coffin_x_prime_dim=\dimen114
\l__coffin_y_prime_dim=\dimen115
\c_empty_coffin=\box32
\l__coffin_aligned_coffin=\box33
\l__coffin_aligned_internal_coffin=\box34
\l_tmpa_coffin=\box35
\l_tmpb_coffin=\box36
\l__coffin_display_coffin=\box37
\l__coffin_display_coord_coffin=\box38
\l__coffin_display_pole_coffin=\box39
\l__coffin_display_offset_dim=\dimen116
\l__coffin_display_x_dim=\dimen117
\l__coffin_display_y_dim=\dimen118
L3 Module: l3color 2014/08/23 v5354 L3 Experimental color support
L3 Module: l3candidates 2015/03/01 v5544 L3 Experimental additions to l3kernel
\l__box_top_dim=\dimen119
\l__box_bottom_dim=\dimen120
\l__box_left_dim=\dimen121
\l__box_right_dim=\dimen122
\l__box_top_new_dim=\dimen123
\l__box_bottom_new_dim=\dimen124
\l__box_left_new_dim=\dimen125
\l__box_right_new_dim=\dimen126
\l__box_internal_box=\box40
\l__coffin_bounding_shift_dim=\dimen127
\l__coffin_left_corner_dim=\dimen128
\l__coffin_right_corner_dim=\dimen129
\l__coffin_bottom_corner_dim=\dimen130
\l__coffin_top_corner_dim=\dimen131
\l__coffin_scaled_total_height_dim=\dimen132
\l__coffin_scaled_width_dim=\dimen133
)
(D:\soft\program\ProText\MiKTeX\wholeMiktex\tex\latex\l3kernel\l3unicode-data.d
ef
File: l3unicode-data.def 2015/03/01 v5544 L3 Unicode data
)
(D:\soft\program\ProText\MiKTeX\wholeMiktex\tex\latex\l3kernel\l3xdvipdfmx.def
File: l3xdvidpfmx.def 2015/03/01 v5544 L3 Experimental driver: xdvipdfmx
)) (D:\soft\program\ProText\MiKTeX\wholeMiktex\tex\latex\etoolbox\etoolbox.sty
Package: etoolbox 2015/03/10 v2.1b e-TeX tools for LaTeX (JAW)
\etb@tempcnta=\count111
)
(D:\soft\program\ProText\MiKTeX\wholeMiktex\tex\generic\oberdiek\ifpdf.sty
Package: ifpdf 2011/01/30 v2.3 Provides the ifpdf switch (HO)
Package ifpdf Info: pdfTeX in PDF mode is not detected.
)
(D:\soft\program\ProText\MiKTeX\wholeMiktex\tex\generic\ifxetex\ifxetex.sty
Package: ifxetex 2010/09/12 v0.6 Provides ifxetex conditional
)
(D:\soft\program\ProText\MiKTeX\wholeMiktex\tex\latex\graphics\keyval.sty
Package: keyval 2014/10/28 v1.15 key=value parser (DPC)
\KV@toks@=\toks14
)
(D:\soft\program\ProText\MiKTeX\wholeMiktex\tex\latex\tools\indentfirst.sty
Package: indentfirst 1995/11/23 v1.03 Indent first paragraph (DPC)
)
(D:\soft\program\ProText\MiKTeX\wholeMiktex\tex\latex\base\fix-cm.sty
Package: fix-cm 2014/09/29 v1.1s fixes to LaTeX

(D:\soft\program\ProText\MiKTeX\wholeMiktex\tex\latex\base\ts1enc.def
File: ts1enc.def 2001/06/05 v3.0e (jk/car/fm) Standard LaTeX file
))
(D:\soft\program\ProText\MiKTeX\wholeMiktex\tex\latex\ctex\engine\ctex-xecjk-en
gine.def
(D:\soft\program\ProText\MiKTeX\wholeMiktex\tex\latex\savesym\savesym.sty
Package: savesym 2013/09/02 v1.2 Saves and restores symbols (JG)
)
(D:\soft\program\ProText\MiKTeX\wholeMiktex\tex\xelatex\xecjk\xeCJK.sty
Package: xeCJK 2014/12/26 v3.3.0 Typesetting CJK scripts with XeLaTeX

(D:\soft\program\ProText\MiKTeX\wholeMiktex\tex\latex\l3packages\xtemplate\xtem
plate.sty
Package: xtemplate 2014/11/25 v5471 L3 Experimental prototype document function
s
\l__xtemplate_tmp_dim=\dimen134
\l__xtemplate_tmp_int=\count112
\l__xtemplate_tmp_muskip=\muskip16
\l__xtemplate_tmp_skip=\skip49
Variant \prop_get:NoNTF already defined; not changing it on line 106
Variant \prop_get:NoNT already defined; not changing it on line 107
Variant \prop_get:NoNF already defined; not changing it on line 108
)
(D:\soft\program\ProText\MiKTeX\wholeMiktex\tex\latex\l3packages\xparse\xparse.
sty
Package: xparse 2014/11/25 v5471 L3 Experimental document command parser
\l__xparse_current_arg_int=\count113
\l__xparse_m_args_int=\count114
\l__xparse_mandatory_args_int=\count115
\l__xparse_processor_int=\count116
\l__xparse_v_nesting_int=\count117
)
(D:\soft\program\ProText\MiKTeX\wholeMiktex\tex\latex\l3packages\l3keys2e\l3key
s2e.sty
Package: l3keys2e 2014/11/25 v5471 LaTeX2e option processing using LaTeX3 keys
)
\l__xeCJK_tmp_int=\count118
\l__xeCJK_tmp_box=\box41
\l__xeCJK_tmp_dim=\dimen135
\l__xeCJK_tmp_skip=\skip50
.................................................
. LaTeX info: "xparse/define-command"
. 
. Defining command \xeCJKShipoutHook with sig. '' on line 153.
.................................................
\g__xeCJK_spacefactor_int=\count119
\l__xeCJK_begin_int=\count120
\l__xeCJK_end_int=\count121
.................................................
. LaTeX info: "xparse/define-command"
. 
. Defining command \makexeCJKactive with sig. '' on line 371.
.................................................
.................................................
. LaTeX info: "xparse/define-command"
. 
. Defining command \makexeCJKinactive with sig. '' on line 372.
.................................................
\c__xeCJK_HalfLeft_class_int=\XeTeXintercharclass4
\c__xeCJK_HalfRight_class_int=\XeTeXintercharclass5
\c__xeCJK_NormalSpace_class_int=\XeTeXintercharclass6
\c__xeCJK_IVS_class_int=\XeTeXintercharclass7
\c__xeCJK_HangulJamo_class_int=\XeTeXintercharclass8
.................................................
. LaTeX info: "xparse/define-command"
. 
. Defining command \xeCJKDeclareCharClass with sig. 's>{\TrimSpaces }mm' on
. line 530.
.................................................
.................................................
. LaTeX info: "xparse/define-command"
. 
. Defining command \__xeCJK_set_char_class_aux:Nnw with sig.
. 'm>{\SplitArgument {1}{->}}m' on line 547.
.................................................
.................................................
. LaTeX info: "xparse/define-command"
. 
. Defining command \normalspacedchars with sig. 'm' on line 589.
.................................................
.................................................
. LaTeX info: "xparse/define-command"
. 
. Defining command \xeCJKResetPunctClass with sig. '' on line 596.
.................................................
.................................................
. LaTeX info: "xparse/define-command"
. 
. Defining command \xeCJKResetCharClass with sig. '' on line 604.
.................................................
\g__xeCJK_node_int=\count122
\c__xeCJK_CJK_node_dim=\dimen136
\c__xeCJK_CJK-space_node_dim=\dimen137
\c__xeCJK_default_node_dim=\dimen138
\c__xeCJK_default-space_node_dim=\dimen139
\c__xeCJK_CJK-nobreak_node_dim=\dimen140
\c__xeCJK_normalspace_node_dim=\dimen141
\l__xeCJK_ccglue_skip=\skip51
\l__xeCJK_ecglue_skip=\skip52
.................................................
. LaTeX info: "xparse/define-command"
. 
. Defining command \xeCJKnobreak with sig. '' on line 1376.
.................................................
.................................................
. LaTeX info: "xparse/define-command"
. 
. Defining command \xeCJKDeclareSubCJKBlock with sig. 's>{\TrimSpaces
. }m>{\TrimSpaces }m' on line 1565.
.................................................
.................................................
. LaTeX info: "xparse/define-command"
. 
. Defining command \xeCJKCancelSubCJKBlock with sig. 'sm' on line 1576.
.................................................
.................................................
. LaTeX info: "xparse/define-command"
. 
. Defining command \xeCJKRestoreSubCJKBlock with sig. 'sm' on line 1585.
.................................................
.................................................
. LaTeX info: "xparse/define-command"
. 
. Defining command \xeCJKsetwidth with sig. 'smm' on line 1683.
.................................................
.................................................
. LaTeX info: "xparse/define-command"
. 
. Defining command \xeCJKsetkern with sig. 'mmm' on line 1687.
.................................................
.................................................
. xtemplate info: "declare-object-type"
. 
. Declaring object type 'xeCJK/punctuation' taking \c_zero  argument(s) on
. line 1788.
.................................................
\l__xeCJK_fixed_punct_width_dim=\dimen142
\l__xeCJK_mixed_punct_width_dim=\dimen143
\l__xeCJK_middle_punct_width_dim=\dimen144
\l__xeCJK_fixed_margin_width_dim=\dimen145
\l__xeCJK_mixed_margin_width_dim=\dimen146
\l__xeCJK_middle_margin_width_dim=\dimen147
\l__xeCJK_bound_punct_width_dim=\dimen148
\l__xeCJK_bound_margin_width_dim=\dimen149
\l__xeCJK_margin_minimum_dim=\dimen150
\l__xeCJK_kerning_total_width_dim=\dimen151
\l__xeCJK_same_align_margin_dim=\dimen152
\l__xeCJK_different_align_margin_dim=\dimen153
\l__xeCJK_kerning_margin_width_dim=\dimen154
\l__xeCJK_kerning_margin_minimum_dim=\dimen155
\l__xeCJK_bound_dim=\dimen156
\l__xeCJK_reverse_bound_dim=\dimen157
.................................................
. LaTeX info: "xparse/define-command"
. 
. Defining command \xeCJKDeclarePunctStyle with sig. '>{\TrimSpaces }mm' on
. line 2273.
.................................................
.................................................
. LaTeX info: "xparse/define-command"
. 
. Defining command \xeCJKEditPunctStyle with sig. '>{\TrimSpaces }mm' on line
. 2286.
.................................................
.................................................
. LaTeX info: "xparse/define-command"
. 
. Defining command \setCJKfallbackfamilyfont with sig. 'mO{}m' on line 2374.
.................................................
\g__xeCJK_family_int=\count123
.................................................
. LaTeX info: "xparse/define-command"
. 
. Defining command \CJKfamily with sig. 't+t-m' on line 2798.
.................................................
.................................................
. LaTeX info: "xparse/define-command"
. 
. Defining command \__xeCJK_gobble_CJKfamily:wn with sig. 't+t-m' on line
. 2812.
.................................................
.................................................
. LaTeX info: "xparse/define-command"
. 
. Defining command \setCJKmainfont with sig. 'O{}m' on line 2862.
.................................................
.................................................
. LaTeX info: "xparse/define-command"
. 
. Defining command \setCJKsansfont with sig. 'O{}m' on line 2868.
.................................................
.................................................
. LaTeX info: "xparse/define-command"
. 
. Defining command \setCJKmonofont with sig. 'O{}m' on line 2873.
.................................................
.................................................
. LaTeX info: "xparse/define-command"
. 
. Defining command \setCJKfamilyfont with sig. 'mO{}m' on line 2880.
.................................................
.................................................
. LaTeX info: "xparse/define-command"
. 
. Defining command \newCJKfontfamily with sig. 'omO{}m' on line 2886.
.................................................
.................................................
. LaTeX info: "xparse/define-command"
. 
. Defining command \CJKfontspec with sig. 'O{}m' on line 2891.
.................................................
.................................................
. LaTeX info: "xparse/define-command"
. 
. Defining command \defaultCJKfontfeatures with sig. 'm' on line 2914.
.................................................
.................................................
. LaTeX info: "xparse/define-command"
. 
. Defining command \addCJKfontfeatures with sig. 'sO{}m' on line 2920.
.................................................
.................................................
. LaTeX info: "xparse/define-command"
. 
. Defining command \setCJKmathfont with sig. 'O{}m' on line 3089.
.................................................
\l__xeCJK_verb_case_int=\count124
.................................................
. LaTeX info: "xparse/define-command"
. 
. Defining command \xeCJKVerbAddon with sig. '' on line 3242.
.................................................
.................................................
. LaTeX info: "xparse/define-command"
. 
. Defining command \xeCJKOffVerbAddon with sig. '' on line 3246.
.................................................
\l__xeCJK_verb_exspace_skip=\skip53

*************************************************
* xeCJK warning: "option-deprecated"
* 
* The `normalindentfirst' option is deprecated.
* 
*************************************************
(D:\soft\program\ProText\MiKTeX\wholeMiktex\tex\latex\fontspec\fontspec.sty
Package: fontspec 2014/06/21 v2.4a Font selection for XeLaTeX and LuaLaTeX
\l_fontspec_script_int=\count125
\l_fontspec_language_int=\count126
\l_fontspec_strnum_int=\count127
\l__fontspec_tmpa_dim=\dimen158
\l__fontspec_tmpb_dim=\dimen159
\l__fontspec_tmpc_dim=\dimen160
Variant \tl_gset:cV already defined; not changing it on line 71

(D:\soft\program\ProText\MiKTeX\wholeMiktex\tex\latex\fontspec\fontspec-patches
.sty
Package: fontspec-patches 2014/06/21 v2.4a Font selection for XeLaTeX and LuaLa
TeX
LaTeX Info: Redefining \em on input line 38.
LaTeX Info: Redefining \emph on input line 46.
LaTeX Info: Redefining \- on input line 49.
.................................................
. LaTeX info: "xparse/redefine-command"
. 
. Redefining command \oldstylenums with sig. 'm' on line 144.
.................................................
.................................................
. LaTeX info: "xparse/define-command"
. 
. Defining command \liningnums with sig. 'm' on line 148.
.................................................
)
(D:\soft\program\ProText\MiKTeX\wholeMiktex\tex\latex\fontspec\fontspec-xetex.s
ty
Package: fontspec-xetex 2014/06/21 v2.4a Font selection for XeLaTeX and LuaLaTe
X
 (D:\soft\program\ProText\MiKTeX\wholeMiktex\tex\latex\base\fontenc.sty
Package: fontenc 2005/09/27 v1.99g Standard LaTeX package

(D:\soft\program\ProText\MiKTeX\wholeMiktex\tex\latex\euenc\eu1enc.def
File: eu1enc.def 2010/05/27 v0.1h Experimental Unicode font encodings
)
LaTeX Font Info:    Try loading font information for EU1+lmr on input line 100.


(D:\soft\program\ProText\MiKTeX\wholeMiktex\tex\latex\euenc\eu1lmr.fd
File: eu1lmr.fd 2009/10/30 v1.6 Font defs for Latin Modern
)
Requested font "[lmroman10-regular]:mapping=tex-text" at 10.0pt
 -> D:/soft/program/ProText/MiKTeX/wholeMiktex/fonts/opentype/public/lm/lmroman
10-regular.otf
)
(D:\soft\program\ProText\MiKTeX\wholeMiktex\tex\xelatex\xunicode\xunicode.sty
File: xunicode.sty 2011/09/09 v0.981 provides access to latin accents and many 
other characters in Unicode lower plane

(D:\soft\program\ProText\MiKTeX\wholeMiktex\tex\latex\tipa\t3enc.def
File: t3enc.def 2001/12/31 T3 encoding
Requested font "[lmromanslant10-regular]:mapping=tex-text" at 10.0pt
 -> D:/soft/program/ProText/MiKTeX/wholeMiktex/fonts/opentype/public/lm/lmroman
slant10-regular.otf
Requested font "[lmroman10-italic]:mapping=tex-text" at 10.0pt
 -> D:/soft/program/ProText/MiKTeX/wholeMiktex/fonts/opentype/public/lm/lmroman
10-italic.otf
Requested font "[lmroman10-bold]:mapping=tex-text" at 10.0pt
 -> D:/soft/program/ProText/MiKTeX/wholeMiktex/fonts/opentype/public/lm/lmroman
10-bold.otf
LaTeX Font Info:    Try loading font information for EU1+lmss on input line 357
.

(D:\soft\program\ProText\MiKTeX\wholeMiktex\tex\latex\euenc\eu1lmss.fd
File: eu1lmss.fd 2009/10/30 v1.6 Font defs for Latin Modern
)
Requested font "[lmsans10-regular]:mapping=tex-text" at 10.0pt
 -> D:/soft/program/ProText/MiKTeX/wholeMiktex/fonts/opentype/public/lm/lmsans1
0-regular.otf
)
\tipaTiiicode=\count128
\tipasavetokens=\toks15
\tipachecktokens=\toks16

(D:\soft\program\ProText\MiKTeX\wholeMiktex\tex\latex\graphics\graphicx.sty
Package: graphicx 2014/10/28 v1.0g Enhanced LaTeX Graphics (DPC,SPQR)

(D:\soft\program\ProText\MiKTeX\wholeMiktex\tex\latex\graphics\graphics.sty
Package: graphics 2014/10/28 v1.0p Standard LaTeX Graphics (DPC,SPQR)

(D:\soft\program\ProText\MiKTeX\wholeMiktex\tex\latex\graphics\trig.sty
Package: trig 1999/03/16 v1.09 sin cos tan (DPC)
)
(D:\soft\program\ProText\MiKTeX\wholeMiktex\tex\latex\00miktex\graphics.cfg
File: graphics.cfg 2007/01/18 v1.5 graphics configuration of teTeX/TeXLive
)
Package graphics Info: Driver file: xetex.def on input line 91.

(D:\soft\program\ProText\MiKTeX\wholeMiktex\tex\xelatex\xetex-def\xetex.def
File: xetex.def 2014/07/25 v4.03 LaTeX color/graphics driver for XeTeX (RRM/JK)

))
\Gin@req@height=\dimen161
\Gin@req@width=\dimen162
))
.................................................
. LaTeX info: "xparse/define-command"
. 
. Defining command \fontspec with sig. 'O{}mO{}' on line 41.
.................................................
.................................................
. LaTeX info: "xparse/define-command"
. 
. Defining command \setmainfont with sig. 'O{}mO{}' on line 47.
.................................................
.................................................
. LaTeX info: "xparse/define-command"
. 
. Defining command \setsansfont with sig. 'O{}mO{}' on line 53.
.................................................
.................................................
. LaTeX info: "xparse/define-command"
. 
. Defining command \setmonofont with sig. 'O{}mO{}' on line 59.
.................................................
.................................................
. LaTeX info: "xparse/define-command"
. 
. Defining command \setmathrm with sig. 'O{}mO{}' on line 68.
.................................................
.................................................
. LaTeX info: "xparse/define-command"
. 
. Defining command \setboldmathrm with sig. 'O{}mO{}' on line 72.
.................................................
.................................................
. LaTeX info: "xparse/define-command"
. 
. Defining command \setmathsf with sig. 'O{}mO{}' on line 76.
.................................................
.................................................
. LaTeX info: "xparse/define-command"
. 
. Defining command \setmathtt with sig. 'O{}mO{}' on line 80.
.................................................
.................................................
. LaTeX info: "xparse/define-command"
. 
. Defining command \newfontfamily with sig. 'mO{}mO{}' on line 99.
.................................................
.................................................
. LaTeX info: "xparse/define-command"
. 
. Defining command \newfontface with sig. 'mO{}mO{}' on line 103.
.................................................
.................................................
. LaTeX info: "xparse/define-command"
. 
. Defining command \defaultfontfeatures with sig. 't+om' on line 112.
.................................................
.................................................
. LaTeX info: "xparse/define-command"
. 
. Defining command \addfontfeatures with sig. 'm' on line 170.
.................................................
.................................................
. LaTeX info: "xparse/define-command"
. 
. Defining command \newfontfeature with sig. 'mm' on line 181.
.................................................
.................................................
. LaTeX info: "xparse/define-command"
. 
. Defining command \newAATfeature with sig. 'mmmm' on line 189.
.................................................
.................................................
. LaTeX info: "xparse/define-command"
. 
. Defining command \newopentypefeature with sig. 'mmm' on line 197.
.................................................
.................................................
. LaTeX info: "xparse/define-command"
. 
. Defining command \aliasfontfeature with sig. 'mm' on line 226.
.................................................
.................................................
. LaTeX info: "xparse/define-command"
. 
. Defining command \aliasfontfeatureoption with sig. 'mmm' on line 228.
.................................................
.................................................
. LaTeX info: "xparse/define-command"
. 
. Defining command \newfontscript with sig. 'mm' on line 233.
.................................................
.................................................
. LaTeX info: "xparse/define-command"
. 
. Defining command \newfontlanguage with sig. 'mm' on line 259.
.................................................
.................................................
. LaTeX info: "xparse/define-command"
. 
. Defining command \DeclareFontsExtensions with sig. 'm' on line 279.
.................................................
Variant \prop_gput:cnV already defined; not changing it on line 662
Variant \prop_gput:cnx already defined; not changing it on line 663
\l__fontspec_tmp_int=\count129
LaTeX Info: Redefining \itshape on input line 2193.
LaTeX Info: Redefining \slshape on input line 2198.
LaTeX Info: Redefining \scshape on input line 2203.
LaTeX Info: Redefining \upshape on input line 2208.
(D:\soft\program\ProText\MiKTeX\wholeMiktex\tex\latex\fontspec\fontspec.cfg)))
(D:\soft\program\ProText\MiKTeX\wholeMiktex\tex\xelatex\xecjk\xunicode-addon.st
y
Package: xunicode-addon 2014/12/26 v3.3.0 addon file for xunicode
.................................................
. LaTeX info: "xparse/redefine-command"
. 
. Redefining command \ReloadXunicode with sig. 'm' on line 89.
.................................................
.................................................
. LaTeX info: "xparse/redefine-command"
. 
. Redefining command \DeclareUTFmathsymbols with sig. 'm' on line 124.
.................................................
.................................................
. LaTeX info: "xparse/redefine-command"
. 
. Redefining command \UseMathAsText with sig. '' on line 133.
.................................................
.................................................
. LaTeX info: "xparse/redefine-command"
. 
. Redefining command \UndeclareUTFcharacter with sig. 'O{\UTFencname }mm' on
. line 168.
.................................................
.................................................
. LaTeX info: "xparse/redefine-command"
. 
. Redefining command \UndeclareUTFcomposite with sig. 'O{\UTFencname }mmm' on
. line 175.
.................................................
.................................................
. LaTeX info: "xparse/redefine-command"
. 
. Redefining command \DeclareUTFcharacter with sig. 'O{\UTFencname }mm' on
. line 202.
.................................................
.................................................
. LaTeX info: "xparse/define-command"
. 
. Defining command \DeclareUTFSymbol with sig. 'mO{\UTFencname }m' on line
. 228.
.................................................
.................................................
. LaTeX info: "xparse/define-command"
. 
. Defining command \DeclareUTFCommand with sig. 'mO{\UTFencname }m' on line
. 230.
.................................................
.................................................
. LaTeX info: "xparse/redefine-command"
. 
. Redefining command \DeclareUTFcomposite with sig. 'O{\UTFencname }mmm' on
. line 273.
.................................................
.................................................
. LaTeX info: "xparse/define-command"
. 
. Defining command \DeclareUTFCompositeCommand with sig. 'mO{\UTFencname }mm'
. on line 286.
.................................................
.................................................
. LaTeX info: "xparse/define-command"
. 
. Defining command \DeclareUTFCompositeSymbol with sig. 'mO{\UTFencname }mm'
. on line 291.
.................................................
.................................................
. LaTeX info: "xparse/define-command"
. 
. Defining command \DeclareUTFComposite with sig. 'mO{\UTFencname }' on line
. 293.
.................................................
.................................................
. LaTeX info: "xparse/define-command"
. 
. Defining command \DeclareUTFEncodedAccent with sig. 'mO{\UTFencname }mm' on
. line 295.
.................................................
.................................................
. LaTeX info: "xparse/define-command"
. 
. Defining command \DeclareUTFEncodedAccents with sig. 'mO{\UTFencname }mm' on
. line 297.
.................................................
.................................................
. LaTeX info: "xparse/define-command"
. 
. Defining command \DeclareUTFEncodedSymbol with sig. 'mO{\UTFencname }mm' on
. line 299.
.................................................
.................................................
. LaTeX info: "xparse/define-command"
. 
. Defining command \DeclareUTFEncodedCircle with sig. 'mO{\UTFencname }mm' on
. line 301.
.................................................
.................................................
. LaTeX info: "xparse/redefine-command"
. 
. Redefining command \DeclareEncodedCompositeCharacter with sig. 'mmmm' on
. line 303.
.................................................
.................................................
. LaTeX info: "xparse/redefine-command"
. 
. Redefining command \DeclareEncodedCompositeAccents with sig. 'mmmm' on line
. 305.
.................................................
.................................................
. LaTeX info: "xparse/define-command"
. 
. Defining command \DeclareUTFDoubleEncodedAccent with sig. 'mO{\UTFencname
. }mm' on line 307.
.................................................
.................................................
. LaTeX info: "xparse/define-command"
. 
. Defining command \DeclareUTFDoubleEncodedSymbol with sig. 'mO{\UTFencname
. }mm' on line 309.
.................................................
\l__xunadd_tmp_coffin=\box42
\l__xunadd_circle_coffin=\box43
.................................................
. LaTeX info: "xparse/define-command"
. 
. Defining command \settextcircledratio with sig. 'm' on line 460.
.................................................
.................................................
. LaTeX info: "xparse/define-command"
. 
. Defining command \AtBeginUTFCommand with sig. 'sO{}+m' on line 529.
.................................................
.................................................
. LaTeX info: "xparse/define-command"
. 
. Defining command \AtEndUTFCommand with sig. 'sO{}+m' on line 539.
.................................................
.................................................
. LaTeX info: "xparse/define-command"
. 
. Defining command \DeclareUTFTIPACommand with sig. 'O{\UTFencname }m' on line
. 571.
.................................................
)
\g__file_internal_ior=\read1

(D:\soft\program\ProText\MiKTeX\wholeMiktex\tex\xelatex\xunicode\xunicode.sty
File: xunicode.sty 2011/09/09 v0.981 provides access to latin accents and many 
other characters in Unicode lower plane

*** Reloading Xunicode for encoding 'EU1' ***
)
(D:\soft\program\ProText\MiKTeX\wholeMiktex\tex\xelatex\xecjk\xunicode-extra.de
f
File: xunicode-extra.def 2014/12/26 v3.3.0 extra definition for xunicode
)
.................................................
. LaTeX info: "xparse/define-command"
. 
. Defining command \xeCJKsetup with sig. '+m' on line 3545.
.................................................
.................................................
. LaTeX info: "xparse/define-command"
. 
. Defining command \xeCJKsetemboldenfactor with sig. 'm' on line 3547.
.................................................
.................................................
. LaTeX info: "xparse/define-command"
. 
. Defining command \xeCJKsetslantfactor with sig. 'm' on line 3549.
.................................................
.................................................
. LaTeX info: "xparse/define-command"
. 
. Defining command \punctstyle with sig. 'm' on line 3550.
.................................................
.................................................
. LaTeX info: "xparse/define-command"
. 
. Defining command \xeCJKplainchr with sig. '' on line 3551.
.................................................
.................................................
. LaTeX info: "xparse/define-command"
. 
. Defining command \CJKsetecglue with sig. 'm' on line 3552.
.................................................
.................................................
. LaTeX info: "xparse/define-command"
. 
. Defining command \CJKspace with sig. '' on line 3554.
.................................................
.................................................
. LaTeX info: "xparse/define-command"
. 
. Defining command \CJKnospace with sig. '' on line 3555.
.................................................
.................................................
. LaTeX info: "xparse/define-command"
. 
. Defining command \xeCJKallowbreakbetweenpuncts with sig. '' on line 3557.
.................................................
.................................................
. LaTeX info: "xparse/define-command"
. 
. Defining command \xeCJKnobreakbetweenpuncts with sig. '' on line 3559.
.................................................
.................................................
. LaTeX info: "xparse/define-command"
. 
. Defining command \xeCJKenablefallback with sig. '' on line 3561.
.................................................
.................................................
. LaTeX info: "xparse/define-command"
. 
. Defining command \xeCJKdisablefallback with sig. '' on line 3563.
.................................................
.................................................
. LaTeX info: "xparse/define-command"
. 
. Defining command \xeCJKsetcharclass with sig. 'mmm' on line 3568.
.................................................
.................................................
. LaTeX info: "xparse/redefine-command"
. 
. Redefining command \nobreakspace with sig. '' on line 3682.
.................................................
.................................................
. LaTeX info: "xparse/redefine-command"
. 
. Redefining command \fontfamily with sig. 'm' on line 3728.
.................................................

(D:\soft\program\ProText\MiKTeX\wholeMiktex\tex\xelatex\xecjk\config\xeCJK.cfg
File: xeCJK.cfg 2014/12/26 v3.3.0 Configuration file for xeCJK package
))
(D:\soft\program\ProText\MiKTeX\wholeMiktex\tex\latex\ctex\engine\ctex-cjk-comm
on.def
\ccwd=\dimen163
)
(D:\soft\program\ProText\MiKTeX\wholeMiktex\tex\latex\ctex\fontset\ctex-xecjk-w
infonts.def
Requested font "SimSun/OT" at 10.0pt
 -> C:/WINDOWS/Fonts/simsun.ttc
\g__fontspec_family_SimSun_int=\count130
Requested font "[SIMKAI.TTF]/OT" at 10.0pt
 -> C:/WINDOWS/Fonts/SIMKAI.TTF
Requested font "[SIMKAI.TTF]/B/OT" at 10.0pt
 -> C:/WINDOWS/Fonts/SIMKAI.TTF
Requested font "SimHei/OT" at 10.0pt
 -> C:/WINDOWS/Fonts/simhei.ttf
.................................................
. fontspec info: "defining-font"
. 
. Font family 'SimSun(0)' created for font 'SimSun' with options
. [Ligatures=TeX,Script={CJK},BoldFont={SimHei},ItalicFont={[SIMKAI.TTF]}].
. 
. This font family consists of the following shapes:
. 
. * 'normal' with NFSS spec.:
. <->"SimSun/OT:script=hani;language=DFLT;mapping=tex-text;"
. 
. * 'small caps' with NFSS spec.:
. 
. and font adjustment code:
. 
. 
. * 'bold' with NFSS spec.:
. <->"SimHei/OT:script=hani;language=DFLT;mapping=tex-text;"
. 
. * 'bold small caps' with NFSS spec.:
. 
. and font adjustment code:
. 
. 
. * 'italic' with NFSS spec.:
. <->"[SIMKAI.TTF]/OT:script=hani;language=DFLT;mapping=tex-text;"
. 
. * 'small caps' with NFSS spec.:
. 
. and font adjustment code:
. 
. 
. * 'bold italic' with NFSS spec.:
. <->"[SIMKAI.TTF]/B/OT:script=hani;language=DFLT;mapping=tex-text;"
. 
. * 'bold small caps' with NFSS spec.:
. 
. and font adjustment code:
. 
.................................................
))
\CTEX@q=\count131
\CTEX@r=\count132
))
(D:\soft\program\ProText\MiKTeX\wholeMiktex\tex\latex\ctex\def\ctex-utf8.def)
(D:\soft\program\ProText\MiKTeX\wholeMiktex\tex\latex\ctex\cfg\ctex.cfg)
(test.aux)
LaTeX Font Info:    Checking defaults for OML/cmm/m/it on input line 7.
LaTeX Font Info:    ... okay on input line 7.
LaTeX Font Info:    Checking defaults for T1/cmr/m/n on input line 7.
LaTeX Font Info:    ... okay on input line 7.
LaTeX Font Info:    Checking defaults for OT1/cmr/m/n on input line 7.
LaTeX Font Info:    ... okay on input line 7.
LaTeX Font Info:    Checking defaults for OMS/cmsy/m/n on input line 7.
LaTeX Font Info:    ... okay on input line 7.
LaTeX Font Info:    Checking defaults for OMX/cmex/m/n on input line 7.
LaTeX Font Info:    ... okay on input line 7.
LaTeX Font Info:    Checking defaults for U/cmr/m/n on input line 7.
LaTeX Font Info:    ... okay on input line 7.
LaTeX Font Info:    Checking defaults for TS1/cmr/m/n on input line 7.
LaTeX Font Info:    ... okay on input line 7.
LaTeX Font Info:    Checking defaults for EU1/lmr/m/n on input line 7.
LaTeX Font Info:    ... okay on input line 7.
LaTeX Font Info:    Checking defaults for T3/cmr/m/n on input line 7.
LaTeX Font Info:    Try loading font information for T3+cmr on input line 7.
 (D:\soft\program\ProText\MiKTeX\wholeMiktex\tex\latex\tipa\t3cmr.fd
File: t3cmr.fd 2001/12/31 TIPA font definitions
)
LaTeX Font Info:    ... okay on input line 7.
.................................................
. fontspec info: "setup-math"
. 
. Adjusting the maths setup (use [no-math] to avoid this).
.................................................
\symlegacymaths=\mathgroup4
LaTeX Font Info:    Overwriting symbol font `legacymaths' in version `bold'
(Font)                  OT1/cmr/m/n --> OT1/cmr/bx/n on input line 7.
LaTeX Font Info:    Redeclaring math accent \acute on input line 7.
LaTeX Font Info:    Redeclaring math accent \grave on input line 7.
LaTeX Font Info:    Redeclaring math accent \ddot on input line 7.
LaTeX Font Info:    Redeclaring math accent \tilde on input line 7.
LaTeX Font Info:    Redeclaring math accent \bar on input line 7.
LaTeX Font Info:    Redeclaring math accent \breve on input line 7.
LaTeX Font Info:    Redeclaring math accent \check on input line 7.
LaTeX Font Info:    Redeclaring math accent \hat on input line 7.
LaTeX Font Info:    Redeclaring math accent \dot on input line 7.
LaTeX Font Info:    Redeclaring math accent \mathring on input line 7.
LaTeX Font Info:    Redeclaring math symbol \colon on input line 7.
LaTeX Font Info:    Redeclaring math symbol \Gamma on input line 7.
LaTeX Font Info:    Redeclaring math symbol \Delta on input line 7.
LaTeX Font Info:    Redeclaring math symbol \Theta on input line 7.
LaTeX Font Info:    Redeclaring math symbol \Lambda on input line 7.
LaTeX Font Info:    Redeclaring math symbol \Xi on input line 7.
LaTeX Font Info:    Redeclaring math symbol \Pi on input line 7.
LaTeX Font Info:    Redeclaring math symbol \Sigma on input line 7.
LaTeX Font Info:    Redeclaring math symbol \Upsilon on input line 7.
LaTeX Font Info:    Redeclaring math symbol \Phi on input line 7.
LaTeX Font Info:    Redeclaring math symbol \Psi on input line 7.
LaTeX Font Info:    Redeclaring math symbol \Omega on input line 7.
LaTeX Font Info:    Redeclaring math symbol \mathdollar on input line 7.
LaTeX Font Info:    Redeclaring symbol font `operators' on input line 7.
LaTeX Font Info:    Encoding `OT1' has changed to `EU1' for symbol font
(Font)              `operators' in the math version `normal' on input line 7.
LaTeX Font Info:    Overwriting symbol font `operators' in version `normal'
(Font)                  OT1/cmr/m/n --> EU1/lmr/m/n on input line 7.
LaTeX Font Info:    Encoding `OT1' has changed to `EU1' for symbol font
(Font)              `operators' in the math version `bold' on input line 7.
LaTeX Font Info:    Overwriting symbol font `operators' in version `bold'
(Font)                  OT1/cmr/bx/n --> EU1/lmr/m/n on input line 7.
LaTeX Font Info:    Overwriting symbol font `operators' in version `normal'
(Font)                  EU1/lmr/m/n --> EU1/lmr/m/n on input line 7.
LaTeX Font Info:    Overwriting math alphabet `\mathit' in version `normal'
(Font)                  OT1/cmr/m/it --> EU1/lmr/m/it on input line 7.
LaTeX Font Info:    Overwriting math alphabet `\mathbf' in version `normal'
(Font)                  OT1/cmr/bx/n --> EU1/lmr/bx/n on input line 7.
LaTeX Font Info:    Overwriting math alphabet `\mathsf' in version `normal'
(Font)                  OT1/cmss/m/n --> EU1/lmss/m/n on input line 7.
LaTeX Font Info:    Overwriting math alphabet `\mathtt' in version `normal'
(Font)                  OT1/cmtt/m/n --> EU1/lmtt/m/n on input line 7.
LaTeX Font Info:    Overwriting symbol font `operators' in version `bold'
(Font)                  EU1/lmr/m/n --> EU1/lmr/bx/n on input line 7.
LaTeX Font Info:    Overwriting math alphabet `\mathit' in version `bold'
(Font)                  OT1/cmr/bx/it --> EU1/lmr/bx/it on input line 7.
LaTeX Font Info:    Overwriting math alphabet `\mathsf' in version `bold'
(Font)                  OT1/cmss/bx/n --> EU1/lmss/bx/n on input line 7.
LaTeX Font Info:    Overwriting math alphabet `\mathtt' in version `bold'
(Font)                  OT1/cmtt/m/n --> EU1/lmtt/bx/n on input line 7.
Invalid UTF-8 byte or sequence at line 8 replaced by U+FFFD.
Missing character: There is no ر in font [lmroman10-regular]:mapping=tex-text!
Missing character: There is no յ in font [lmroman10-regular]:mapping=tex-text!
Missing character: There is no � in font [lmroman10-regular]:mapping=tex-text!
Invalid UTF-8 byte or sequence at line 10 replaced by U+FFFD.
Invalid UTF-8 byte or sequence at line 10 replaced by U+FFFD.
Invalid UTF-8 byte or sequence at line 10 replaced by U+FFFD.
Invalid UTF-8 byte or sequence at line 10 replaced by U+FFFD.
Invalid UTF-8 byte or sequence at line 10 replaced by U+FFFD.
Missing character: There is no ر in font [lmroman10-regular]:mapping=tex-text!
Missing character: There is no � in font [lmroman10-regular]:mapping=tex-text!
Missing character: There is no � in font [lmroman10-regular]:mapping=tex-text!
Missing character: There is no � in font [lmroman10-regular]:mapping=tex-text!
Missing character: There is no � in font [lmroman10-regular]:mapping=tex-text!
Missing character: There is no д in font [lmroman10-regular]:mapping=tex-text!
Missing character: There is no � in font [lmroman10-regular]:mapping=tex-text!
Invalid UTF-8 byte or sequence at line 12 replaced by U+FFFD.
Invalid UTF-8 byte or sequence at line 12 replaced by U+FFFD.
Invalid UTF-8 byte or sequence at line 12 replaced by U+FFFD.
Missing character: There is no ճ in font [lmroman10-regular]:mapping=tex-text!
Missing character: There is no � in font [lmroman10-regular]:mapping=tex-text!
Missing character: There is no � in font [lmroman10-regular]:mapping=tex-text!
Missing character: There is no � in font [lmroman10-regular]:mapping=tex-text!
Missing character: There is no ʽ in font [lmroman10-regular]:mapping=tex-text!
Invalid UTF-8 byte or sequence at line 14 replaced by U+FFFD.
Invalid UTF-8 byte or sequence at line 14 replaced by U+FFFD.
Invalid UTF-8 byte or sequence at line 14 replaced by U+FFFD.
Invalid UTF-8 byte or sequence at line 14 replaced by U+FFFD.
Invalid UTF-8 byte or sequence at line 14 replaced by U+FFFD.
Invalid UTF-8 byte or sequence at line 14 replaced by U+FFFD.
Invalid UTF-8 byte or sequence at line 14 replaced by U+FFFD.
Invalid UTF-8 byte or sequence at line 14 replaced by U+FFFD.
Invalid UTF-8 byte or sequence at line 14 replaced by U+FFFD.
Invalid UTF-8 byte or sequence at line 14 replaced by U+FFFD.
Invalid UTF-8 byte or sequence at line 14 replaced by U+FFFD.
Invalid UTF-8 byte or sequence at line 14 replaced by U+FFFD.
Invalid UTF-8 byte or sequence at line 14 replaced by U+FFFD.
Invalid UTF-8 byte or sequence at line 14 replaced by U+FFFD.
Missing character: There is no ѡ in font [lmroman10-regular]:mapping=tex-text!
Missing character: There is no � in font [lmroman10-regular]:mapping=tex-text!
Missing character: There is no 񵥴 in font [lmroman10-regular]:mapping=tex-text!
Missing character: There is no ʣ in font [lmroman10-regular]:mapping=tex-text!
Missing character: There is no � in font [lmroman10-regular]:mapping=tex-text!
Missing character: There is no ظ in font [lmroman10-regular]:mapping=tex-text!
Missing character: There is no � in font [lmroman10-regular]:mapping=tex-text!
Missing character: There is no � in font [lmroman10-regular]:mapping=tex-text!
Missing character: There is no � in font [lmroman10-regular]:mapping=tex-text!
Missing character: There is no � in font [lmroman10-regular]:mapping=tex-text!
Missing character: There is no ѡ in font [lmroman10-regular]:mapping=tex-text!
Missing character: There is no � in font [lmroman10-regular]:mapping=tex-text!
Missing character: There is no � in font [lmroman10-regular]:mapping=tex-text!
Missing character: There is no � in font [lmroman10-regular]:mapping=tex-text!
Missing character: There is no � in font [lmroman10-regular]:mapping=tex-text!
Missing character: There is no һ in font [lmroman10-regular]:mapping=tex-text!
Missing character: There is no � in font [lmroman10-regular]:mapping=tex-text!
Missing character: There is no � in font [lmroman10-regular]:mapping=tex-text!
Missing character: There is no � in font [lmroman10-regular]:mapping=tex-text!
Missing character: There is no ͬ in font [lmroman10-regular]:mapping=tex-text!
Missing character: There is no � in font [lmroman10-regular]:mapping=tex-text!
Invalid UTF-8 byte or sequence at line 16 replaced by U+FFFD.
Invalid UTF-8 byte or sequence at line 16 replaced by U+FFFD.
Invalid UTF-8 byte or sequence at line 16 replaced by U+FFFD.
Invalid UTF-8 byte or sequence at line 16 replaced by U+FFFD.
Invalid UTF-8 byte or sequence at line 16 replaced by U+FFFD.
Invalid UTF-8 byte or sequence at line 16 replaced by U+FFFD.
Invalid UTF-8 byte or sequence at line 16 replaced by U+FFFD.
Invalid UTF-8 byte or sequence at line 16 replaced by U+FFFD.
Invalid UTF-8 byte or sequence at line 16 replaced by U+FFFD.
Invalid UTF-8 byte or sequence at line 16 replaced by U+FFFD.
Invalid UTF-8 byte or sequence at line 16 replaced by U+FFFD.
Invalid UTF-8 byte or sequence at line 16 replaced by U+FFFD.
Invalid UTF-8 byte or sequence at line 16 replaced by U+FFFD.
Invalid UTF-8 byte or sequence at line 16 replaced by U+FFFD.
Invalid UTF-8 byte or sequence at line 16 replaced by U+FFFD.
Invalid UTF-8 byte or sequence at line 16 replaced by U+FFFD.
Missing character: There is no ѡ in font [lmroman10-regular]:mapping=tex-text!
Missing character: There is no � in font [lmroman10-regular]:mapping=tex-text!
Missing character: There is no � in font [lmroman10-regular]:mapping=tex-text!
Missing character: There is no � in font [lmroman10-regular]:mapping=tex-text!
Missing character: There is no У in font [lmroman10-regular]:mapping=tex-text!
Missing character: There is no � in font [lmroman10-regular]:mapping=tex-text!
Missing character: There is no ظ in font [lmroman10-regular]:mapping=tex-text!
Missing character: There is no � in font [lmroman10-regular]:mapping=tex-text!
Missing character: There is no � in font [lmroman10-regular]:mapping=tex-text!
Missing character: There is no � in font [lmroman10-regular]:mapping=tex-text!
Missing character: There is no � in font [lmroman10-regular]:mapping=tex-text!
Missing character: There is no � in font [lmroman10-regular]:mapping=tex-text!
Missing character: There is no � in font [lmroman10-regular]:mapping=tex-text!
Missing character: There is no ѡ in font [lmroman10-regular]:mapping=tex-text!
Missing character: There is no � in font [lmroman10-regular]:mapping=tex-text!
Missing character: There is no � in font [lmroman10-regular]:mapping=tex-text!
Missing character: There is no � in font [lmroman10-regular]:mapping=tex-text!
Missing character: There is no � in font [lmroman10-regular]:mapping=tex-text!
Missing character: There is no һ in font [lmroman10-regular]:mapping=tex-text!
Missing character: There is no � in font [lmroman10-regular]:mapping=tex-text!
Missing character: There is no � in font [lmroman10-regular]:mapping=tex-text!
Invalid UTF-8 byte or sequence at line 18 replaced by U+FFFD.
Invalid UTF-8 byte or sequence at line 18 replaced by U+FFFD.
Invalid UTF-8 byte or sequence at line 18 replaced by U+FFFD.
Invalid UTF-8 byte or sequence at line 18 replaced by U+FFFD.
Invalid UTF-8 byte or sequence at line 18 replaced by U+FFFD.
Invalid UTF-8 byte or sequence at line 18 replaced by U+FFFD.
Missing character: There is no ѡ in font [lmroman10-regular]:mapping=tex-text!
Missing character: There is no � in font [lmroman10-regular]:mapping=tex-text!
Missing character: There is no � in font [lmroman10-regular]:mapping=tex-text!
Missing character: There is no � in font [lmroman10-regular]:mapping=tex-text!
Missing character: There is no � in font [lmroman10-regular]:mapping=tex-text!
Missing character: There is no У in font [lmroman10-regular]:mapping=tex-text!
Missing character: There is no � in font [lmroman10-regular]:mapping=tex-text!
Missing character: There is no � in font [lmroman10-regular]:mapping=tex-text!
Invalid UTF-8 byte or sequence at line 20 replaced by U+FFFD.
Invalid UTF-8 byte or sequence at line 20 replaced by U+FFFD.
Invalid UTF-8 byte or sequence at line 20 replaced by U+FFFD.
Invalid UTF-8 byte or sequence at line 20 replaced by U+FFFD.
Invalid UTF-8 byte or sequence at line 20 replaced by U+FFFD.
Invalid UTF-8 byte or sequence at line 20 replaced by U+FFFD.
Invalid UTF-8 byte or sequence at line 20 replaced by U+FFFD.
Invalid UTF-8 byte or sequence at line 20 replaced by U+FFFD.
Invalid UTF-8 byte or sequence at line 20 replaced by U+FFFD.
Invalid UTF-8 byte or sequence at line 20 replaced by U+FFFD.
Missing character: There is no � in font [lmroman10-regular]:mapping=tex-text!
Missing character: There is no ڵ in font [lmroman10-regular]:mapping=tex-text!
Missing character: There is no � in font [lmroman10-regular]:mapping=tex-text!
Missing character: There is no � in font [lmroman10-regular]:mapping=tex-text!
Missing character: There is no � in font [lmroman10-regular]:mapping=tex-text!
Missing character: There is no � in font [lmroman10-regular]:mapping=tex-text!
Missing character: There is no � in font [lmroman10-regular]:mapping=tex-text!
Missing character: There is no � in font [lmroman10-regular]:mapping=tex-text!
Missing character: There is no � in font [lmroman10-regular]:mapping=tex-text!
Missing character: There is no � in font [lmroman10-regular]:mapping=tex-text!
Missing character: There is no � in font [lmroman10-regular]:mapping=tex-text!
Invalid UTF-8 byte or sequence at line 22 replaced by U+FFFD.
Invalid UTF-8 byte or sequence at line 22 replaced by U+FFFD.
Invalid UTF-8 byte or sequence at line 22 replaced by U+FFFD.
Missing character: There is no ɾ in font [lmroman10-regular]:mapping=tex-text!
Missing character: There is no � in font [lmroman10-regular]:mapping=tex-text!
Missing character: There is no � in font [lmroman10-regular]:mapping=tex-text!
Missing character: There is no � in font [lmroman10-regular]:mapping=tex-text!
Invalid UTF-8 byte or sequence at line 24 replaced by U+FFFD.
Invalid UTF-8 byte or sequence at line 24 replaced by U+FFFD.
Invalid UTF-8 byte or sequence at line 24 replaced by U+FFFD.
Invalid UTF-8 byte or sequence at line 24 replaced by U+FFFD.
Missing character: There is no � in font [lmroman10-regular]:mapping=tex-text!
Missing character: There is no � in font [lmroman10-regular]:mapping=tex-text!
Missing character: There is no ת in font [lmroman10-regular]:mapping=tex-text!
Missing character: There is no � in font [lmroman10-regular]:mapping=tex-text!
Missing character: There is no Ӧ in font [lmroman10-regular]:mapping=tex-text!
Missing character: There is no � in font [lmroman10-regular]:mapping=tex-text!
Invalid UTF-8 byte or sequence at line 26 replaced by U+FFFD.
Invalid UTF-8 byte or sequence at line 26 replaced by U+FFFD.
Invalid UTF-8 byte or sequence at line 26 replaced by U+FFFD.
Invalid UTF-8 byte or sequence at line 26 replaced by U+FFFD.
Invalid UTF-8 byte or sequence at line 26 replaced by U+FFFD.
Invalid UTF-8 byte or sequence at line 26 replaced by U+FFFD.
Invalid UTF-8 byte or sequence at line 26 replaced by U+FFFD.
Invalid UTF-8 byte or sequence at line 26 replaced by U+FFFD.
Invalid UTF-8 byte or sequence at line 26 replaced by U+FFFD.
Missing character: There is no � in font [lmroman10-regular]:mapping=tex-text!
Missing character: There is no ��� in font [lmroman10-regular]:mapping=tex-text!
Missing character: There is no � in font [lmroman10-regular]:mapping=tex-text!
Missing character: There is no � in font [lmroman10-regular]:mapping=tex-text!
Requested font "SimSun/OT:script=hani;language=DFLT;mapping=tex-text;" at 10.0p
t
 -> C:/WINDOWS/Fonts/simsun.ttc
Missing character: There is no � in font [lmroman10-regular]:mapping=tex-text!
Missing character: There is no � in font [lmroman10-regular]:mapping=tex-text!
Missing character: There is no � in font [lmroman10-regular]:mapping=tex-text!
Missing character: There is no � in font [lmroman10-regular]:mapping=tex-text!
Missing character: There is no λ in font [lmroman10-regular]:mapping=tex-text!
Missing character: There is no � in font [lmroman10-regular]:mapping=tex-text!
Missing character: There is no � in font [lmroman10-regular]:mapping=tex-text!
Invalid UTF-8 byte or sequence at line 28 replaced by U+FFFD.
Invalid UTF-8 byte or sequence at line 28 replaced by U+FFFD.
Invalid UTF-8 byte or sequence at line 28 replaced by U+FFFD.
Invalid UTF-8 byte or sequence at line 28 replaced by U+FFFD.
Invalid UTF-8 byte or sequence at line 28 replaced by U+FFFD.
Invalid UTF-8 byte or sequence at line 28 replaced by U+FFFD.
Invalid UTF-8 byte or sequence at line 28 replaced by U+FFFD.
Missing character: There is no ѡ in font [lmroman10-regular]:mapping=tex-text!
Missing character: There is no � in font [lmroman10-regular]:mapping=tex-text!
Missing character: There is no � in font [lmroman10-regular]:mapping=tex-text!
Missing character: There is no � in font [lmroman10-regular]:mapping=tex-text!
Missing character: There is no ǩ in font [lmroman10-regular]:mapping=tex-text!
Missing character: There is no � in font [lmroman10-regular]:mapping=tex-text!
Missing character: There is no � in font [lmroman10-regular]:mapping=tex-text!
Missing character: There is no � in font [lmroman10-regular]:mapping=tex-text!
Missing character: There is no � in font [lmroman10-regular]:mapping=tex-text!
Invalid UTF-8 byte or sequence at line 30 replaced by U+FFFD.
Invalid UTF-8 byte or sequence at line 30 replaced by U+FFFD.
Invalid UTF-8 byte or sequence at line 30 replaced by U+FFFD.
Invalid UTF-8 byte or sequence at line 30 replaced by U+FFFD.
Invalid UTF-8 byte or sequence at line 30 replaced by U+FFFD.
Invalid UTF-8 byte or sequence at line 30 replaced by U+FFFD.
Invalid UTF-8 byte or sequence at line 30 replaced by U+FFFD.
Missing character: There is no � in font [lmroman10-regular]:mapping=tex-text!
Missing character: There is no � in font [lmroman10-regular]:mapping=tex-text!
Missing character: There is no � in font [lmroman10-regular]:mapping=tex-text!
Missing character: There is no � in font [lmroman10-regular]:mapping=tex-text!
Missing character: There is no � in font [lmroman10-regular]:mapping=tex-text!
Missing character: There is no � in font [lmroman10-regular]:mapping=tex-text!
Missing character: There is no � in font [lmroman10-regular]:mapping=tex-text!
Invalid UTF-8 byte or sequence at line 32 replaced by U+FFFD.
Invalid UTF-8 byte or sequence at line 32 replaced by U+FFFD.
Invalid UTF-8 byte or sequence at line 32 replaced by U+FFFD.
Missing character: There is no � in font [lmroman10-regular]:mapping=tex-text!
Missing character: There is no � in font [lmroman10-regular]:mapping=tex-text!
Missing character: There is no Ҳ in font [lmroman10-regular]:mapping=tex-text!
Missing character: There is no � in font [lmroman10-regular]:mapping=tex-text!
Invalid UTF-8 byte or sequence at line 34 replaced by U+FFFD.
Missing character: There is no � in font [lmroman10-regular]:mapping=tex-text!
Invalid UTF-8 byte or sequence at line 36 replaced by U+FFFD.
Invalid UTF-8 byte or sequence at line 36 replaced by U+FFFD.
Requested font "[lmroman10-bolditalic]:mapping=tex-text" at 10.0pt
 -> D:/soft/program/ProText/MiKTeX/wholeMiktex/fonts/opentype/public/lm/lmroman
10-bolditalic.otf
Missing character: There is no � in font [lmroman10-bolditalic]:mapping=tex-tex
t!
Missing character: There is no � in font [lmroman10-bolditalic]:mapping=tex-tex
t!
Invalid UTF-8 byte or sequence at line 38 replaced by U+FFFD.
Invalid UTF-8 byte or sequence at line 38 replaced by U+FFFD.
Missing character: There is no � in font [lmroman10-regular]:mapping=tex-text!
Missing character: There is no � in font [lmroman10-regular]:mapping=tex-text!
Invalid UTF-8 byte or sequence at line 40 replaced by U+FFFD.
Missing character: There is no ز in font [lmroman10-regular]:mapping=tex-text!
Missing character: There is no � in font [lmroman10-regular]:mapping=tex-text!
Invalid UTF-8 byte or sequence at line 42 replaced by U+FFFD.
Invalid UTF-8 byte or sequence at line 42 replaced by U+FFFD.
Invalid UTF-8 byte or sequence at line 42 replaced by U+FFFD.
Invalid UTF-8 byte or sequence at line 42 replaced by U+FFFD.
Invalid UTF-8 byte or sequence at line 42 replaced by U+FFFD.
Invalid UTF-8 byte or sequence at line 42 replaced by U+FFFD.
Invalid UTF-8 byte or sequence at line 42 replaced by U+FFFD.
Invalid UTF-8 byte or sequence at line 42 replaced by U+FFFD.
Invalid UTF-8 byte or sequence at line 42 replaced by U+FFFD.
Invalid UTF-8 byte or sequence at line 42 replaced by U+FFFD.
Invalid UTF-8 byte or sequence at line 42 replaced by U+FFFD.
Missing character: There is no ѡ in font [lmroman10-regular]:mapping=tex-text!
Missing character: There is no � in font [lmroman10-regular]:mapping=tex-text!
Missing character: There is no е in font [lmroman10-regular]:mapping=tex-text!
Missing character: There is no � in font [lmroman10-regular]:mapping=tex-text!
Missing character: There is no � in font [lmroman10-regular]:mapping=tex-text!
Missing character: There is no � in font [lmroman10-regular]:mapping=tex-text!
Missing character: There is no � in font [lmroman10-regular]:mapping=tex-text!
Missing character: There is no ݣ in font [lmroman10-regular]:mapping=tex-text!
Missing character: There is no � in font [lmroman10-regular]:mapping=tex-text!
Missing character: There is no ظ in font [lmroman10-regular]:mapping=tex-text!
Missing character: There is no � in font [lmroman10-regular]:mapping=tex-text!
Missing character: There is no ѡ in font [lmroman10-regular]:mapping=tex-text!
Missing character: There is no � in font [lmroman10-regular]:mapping=tex-text!
Missing character: There is no � in font [lmroman10-regular]:mapping=tex-text!
Missing character: There is no � in font [lmroman10-regular]:mapping=tex-text!
Missing character: There is no � in font [lmroman10-regular]:mapping=tex-text!
Invalid UTF-8 byte or sequence at line 44 replaced by U+FFFD.
Invalid UTF-8 byte or sequence at line 44 replaced by U+FFFD.
Invalid UTF-8 byte or sequence at line 44 replaced by U+FFFD.
Invalid UTF-8 byte or sequence at line 44 replaced by U+FFFD.
Invalid UTF-8 byte or sequence at line 44 replaced by U+FFFD.
Invalid UTF-8 byte or sequence at line 44 replaced by U+FFFD.
Invalid UTF-8 byte or sequence at line 44 replaced by U+FFFD.
Missing character: There is no � in font [lmroman10-regular]:mapping=tex-text!
Missing character: There is no � in font [lmroman10-regular]:mapping=tex-text!
Missing character: There is no � in font [lmroman10-regular]:mapping=tex-text!
Missing character: There is no � in font [lmroman10-regular]:mapping=tex-text!
Missing character: There is no ɾ in font [lmroman10-regular]:mapping=tex-text!
Missing character: There is no � in font [lmroman10-regular]:mapping=tex-text!
Missing character: There is no � in font [lmroman10-regular]:mapping=tex-text!
Missing character: There is no � in font [lmroman10-regular]:mapping=tex-text!
Invalid UTF-8 byte or sequence at line 46 replaced by U+FFFD.
Invalid UTF-8 byte or sequence at line 46 replaced by U+FFFD.
Invalid UTF-8 byte or sequence at line 46 replaced by U+FFFD.
Missing character: There is no ע in font [lmroman10-bolditalic]:mapping=tex-tex
t!
Missing character: There is no � in font [lmroman10-bolditalic]:mapping=tex-tex
t!
Missing character: There is no ͵ in font [lmroman10-bolditalic]:mapping=tex-tex
t!
Missing character: There is no � in font [lmroman10-bolditalic]:mapping=tex-tex
t!
Missing character: There is no � in font [lmroman10-bolditalic]:mapping=tex-tex
t!
Invalid UTF-8 byte or sequence at line 48 replaced by U+FFFD.
Invalid UTF-8 byte or sequence at line 48 replaced by U+FFFD.
Invalid UTF-8 byte or sequence at line 48 replaced by U+FFFD.
Invalid UTF-8 byte or sequence at line 48 replaced by U+FFFD.
Invalid UTF-8 byte or sequence at line 48 replaced by U+FFFD.
Invalid UTF-8 byte or sequence at line 48 replaced by U+FFFD.
Missing character: There is no λ in font [lmroman10-regular]:mapping=tex-text!
Missing character: There is no � in font [lmroman10-regular]:mapping=tex-text!
Missing character: There is no � in font [lmroman10-regular]:mapping=tex-text!
Missing character: There is no � in font [lmroman10-regular]:mapping=tex-text!
Missing character: There is no � in font [lmroman10-regular]:mapping=tex-text!
Missing character: There is no ע in font [lmroman10-regular]:mapping=tex-text!
Missing character: There is no � in font [lmroman10-regular]:mapping=tex-text!
Missing character: There is no � in font [lmroman10-regular]:mapping=tex-text!
Invalid UTF-8 byte or sequence at line 50 replaced by U+FFFD.
Invalid UTF-8 byte or sequence at line 50 replaced by U+FFFD.
Invalid UTF-8 byte or sequence at line 50 replaced by U+FFFD.
Invalid UTF-8 byte or sequence at line 50 replaced by U+FFFD.
Invalid UTF-8 byte or sequence at line 50 replaced by U+FFFD.
Invalid UTF-8 byte or sequence at line 50 replaced by U+FFFD.
Invalid UTF-8 byte or sequence at line 50 replaced by U+FFFD.
Invalid UTF-8 byte or sequence at line 50 replaced by U+FFFD.
Invalid UTF-8 byte or sequence at line 50 replaced by U+FFFD.
Invalid UTF-8 byte or sequence at line 50 replaced by U+FFFD.
Invalid UTF-8 byte or sequence at line 50 replaced by U+FFFD.
Missing character: There is no � in font [lmroman10-regular]:mapping=tex-text!
Missing character: There is no ע in font [lmroman10-regular]:mapping=tex-text!
Missing character: There is no � in font [lmroman10-regular]:mapping=tex-text!
Missing character: There is no ͣ in font [lmroman10-regular]:mapping=tex-text!
Missing character: There is no � in font [lmroman10-regular]:mapping=tex-text!
Missing character: There is no � in font [lmroman10-regular]:mapping=tex-text!
Missing character: There is no � in font [lmroman10-regular]:mapping=tex-text!
Missing character: There is no У in font [lmroman10-regular]:mapping=tex-text!
Missing character: There is no д in font [lmroman10-regular]:mapping=tex-text!
Missing character: There is no ע in font [lmroman10-regular]:mapping=tex-text!
Missing character: There is no � in font [lmroman10-regular]:mapping=tex-text!
Missing character: There is no � in font [lmroman10-regular]:mapping=tex-text!
Missing character: There is no ˵ in font [lmroman10-regular]:mapping=tex-text!
Missing character: There is no � in font [lmroman10-regular]:mapping=tex-text!
Missing character: There is no � in font [lmroman10-regular]:mapping=tex-text!
Missing character: There is no � in font [lmroman10-regular]:mapping=tex-text!
Missing character: There is no � in font [lmroman10-regular]:mapping=tex-text!
Invalid UTF-8 byte or sequence at line 52 replaced by U+FFFD.
Invalid UTF-8 byte or sequence at line 52 replaced by U+FFFD.
Invalid UTF-8 byte or sequence at line 52 replaced by U+FFFD.
Invalid UTF-8 byte or sequence at line 52 replaced by U+FFFD.
Invalid UTF-8 byte or sequence at line 52 replaced by U+FFFD.
Invalid UTF-8 byte or sequence at line 52 replaced by U+FFFD.
Invalid UTF-8 byte or sequence at line 52 replaced by U+FFFD.
Invalid UTF-8 byte or sequence at line 52 replaced by U+FFFD.
Missing character: There is no ѡ in font [lmroman10-regular]:mapping=tex-text!
Missing character: There is no � in font [lmroman10-regular]:mapping=tex-text!
Missing character: There is no � in font [lmroman10-regular]:mapping=tex-text!
Missing character: There is no � in font [lmroman10-regular]:mapping=tex-text!
Missing character: There is no ǩ in font [lmroman10-regular]:mapping=tex-text!
Missing character: There is no � in font [lmroman10-regular]:mapping=tex-text!
Missing character: There is no � in font [lmroman10-regular]:mapping=tex-text!
Missing character: There is no ޸ in font [lmroman10-regular]:mapping=tex-text!
Missing character: There is no � in font [lmroman10-regular]:mapping=tex-text!
Missing character: There is no ǩ in font [lmroman10-regular]:mapping=tex-text!
Missing character: There is no � in font [lmroman10-regular]:mapping=tex-text!
Missing character: There is no � in font [lmroman10-regular]:mapping=tex-text!
Invalid UTF-8 byte or sequence at line 54 replaced by U+FFFD.
Invalid UTF-8 byte or sequence at line 54 replaced by U+FFFD.
Missing character: There is no ȫ in font [lmroman10-regular]:mapping=tex-text!
Missing character: There is no � in font [lmroman10-regular]:mapping=tex-text!
Missing character: There is no � in font [lmroman10-regular]:mapping=tex-text!
Invalid UTF-8 byte or sequence at line 56 replaced by U+FFFD.
Invalid UTF-8 byte or sequence at line 56 replaced by U+FFFD.
Invalid UTF-8 byte or sequence at line 56 replaced by U+FFFD.
Invalid UTF-8 byte or sequence at line 56 replaced by U+FFFD.
Invalid UTF-8 byte or sequence at line 56 replaced by U+FFFD.
Invalid UTF-8 byte or sequence at line 56 replaced by U+FFFD.
Invalid UTF-8 byte or sequence at line 56 replaced by U+FFFD.
Invalid UTF-8 byte or sequence at line 56 replaced by U+FFFD.
Invalid UTF-8 byte or sequence at line 56 replaced by U+FFFD.
Missing character: There is no ȫ in font [lmroman10-regular]:mapping=tex-text!
Missing character: There is no � in font [lmroman10-regular]:mapping=tex-text!
Missing character: There is no � in font [lmroman10-regular]:mapping=tex-text!
Missing character: There is no � in font [lmroman10-regular]:mapping=tex-text!
Missing character: There is no � in font [lmroman10-regular]:mapping=tex-text!
Missing character: There is no � in font [lmroman10-regular]:mapping=tex-text!
Missing character: There is no � in font [lmroman10-regular]:mapping=tex-text!
Missing character: There is no � in font [lmroman10-regular]:mapping=tex-text!
Missing character: There is no ʽ in font [lmroman10-regular]:mapping=tex-text!
Missing character: There is no ֻ in font [lmroman10-regular]:mapping=tex-text!
Missing character: There is no ༭ in font [lmroman10-regular]:mapping=tex-text!
Missing character: There is no � in font [lmroman10-regular]:mapping=tex-text!
Missing character: There is no � in font [lmroman10-regular]:mapping=tex-text!
Invalid UTF-8 byte or sequence at line 58 replaced by U+FFFD.
Invalid UTF-8 byte or sequence at line 58 replaced by U+FFFD.
Invalid UTF-8 byte or sequence at line 58 replaced by U+FFFD.
Invalid UTF-8 byte or sequence at line 58 replaced by U+FFFD.
Invalid UTF-8 byte or sequence at line 58 replaced by U+FFFD.
Invalid UTF-8 byte or sequence at line 58 replaced by U+FFFD.
Invalid UTF-8 byte or sequence at line 58 replaced by U+FFFD.
Invalid UTF-8 byte or sequence at line 58 replaced by U+FFFD.
Invalid UTF-8 byte or sequence at line 58 replaced by U+FFFD.
Missing character: There is no ѡ in font [lmroman10-regular]:mapping=tex-text!
Missing character: There is no � in font [lmroman10-regular]:mapping=tex-text!
Missing character: There is no � in font [lmroman10-regular]:mapping=tex-text!
Missing character: There is no � in font [lmroman10-regular]:mapping=tex-text!
Missing character: There is no � in font [lmroman10-regular]:mapping=tex-text!
Missing character: There is no � in font [lmroman10-regular]:mapping=tex-text!
Missing character: There is no � in font [lmroman10-regular]:mapping=tex-text!
Missing character: There is no � in font [lmroman10-regular]:mapping=tex-text!
Missing character: There is no � in font [lmroman10-regular]:mapping=tex-text!
Missing character: There is no ͬ in font [lmroman10-regular]:mapping=tex-text!
Missing character: There is no � in font [lmroman10-regular]:mapping=tex-text!
Invalid UTF-8 byte or sequence at line 60 replaced by U+FFFD.
Missing character: There is no պ in font [lmroman10-regular]:mapping=tex-text!
Missing character: There is no ϱ in font [lmroman10-regular]:mapping=tex-text!
Missing character: There is no � in font [lmroman10-regular]:mapping=tex-text!
Missing character: There is no ǩ in font [lmroman10-regular]:mapping=tex-text!
Invalid UTF-8 byte or sequence at line 62 replaced by U+FFFD.
Invalid UTF-8 byte or sequence at line 62 replaced by U+FFFD.
Invalid UTF-8 byte or sequence at line 62 replaced by U+FFFD.
Invalid UTF-8 byte or sequence at line 62 replaced by U+FFFD.
Invalid UTF-8 byte or sequence at line 62 replaced by U+FFFD.
Invalid UTF-8 byte or sequence at line 62 replaced by U+FFFD.
Invalid UTF-8 byte or sequence at line 62 replaced by U+FFFD.
Invalid UTF-8 byte or sequence at line 62 replaced by U+FFFD.
Missing character: There is no � in font [lmroman10-regular]:mapping=tex-text!
Missing character: There is no � in font [lmroman10-regular]:mapping=tex-text!
Missing character: There is no � in font [lmroman10-regular]:mapping=tex-text!
Missing character: There is no ֣ in font [lmroman10-regular]:mapping=tex-text!
Missing character: There is no � in font [lmroman10-regular]:mapping=tex-text!
Missing character: There is no � in font [lmroman10-regular]:mapping=tex-text!
Missing character: There is no � in font [lmroman10-regular]:mapping=tex-text!
Missing character: There is no � in font [lmroman10-regular]:mapping=tex-text!
Missing character: There is no � in font [lmroman10-regular]:mapping=tex-text!
Invalid UTF-8 byte or sequence at line 64 replaced by U+FFFD.
Invalid UTF-8 byte or sequence at line 64 replaced by U+FFFD.
Invalid UTF-8 byte or sequence at line 64 replaced by U+FFFD.
Invalid UTF-8 byte or sequence at line 64 replaced by U+FFFD.
Invalid UTF-8 byte or sequence at line 64 replaced by U+FFFD.
Invalid UTF-8 byte or sequence at line 64 replaced by U+FFFD.
Invalid UTF-8 byte or sequence at line 64 replaced by U+FFFD.
Invalid UTF-8 byte or sequence at line 64 replaced by U+FFFD.
Missing character: There is no � in font [lmroman10-regular]:mapping=tex-text!
Missing character: There is no � in font [lmroman10-regular]:mapping=tex-text!
Missing character: There is no � in font [lmroman10-regular]:mapping=tex-text!
Missing character: There is no ֣ in font [lmroman10-regular]:mapping=tex-text!
Missing character: There is no � in font [lmroman10-regular]:mapping=tex-text!
Missing character: There is no л in font [lmroman10-regular]:mapping=tex-text!
Missing character: There is no 򿪵 in font [lmroman10-regular]:mapping=tex-text!
Missing character: There is no � in font [lmroman10-regular]:mapping=tex-text!
Missing character: There is no � in font [lmroman10-regular]:mapping=tex-text!
Missing character: There is no � in font [lmroman10-regular]:mapping=tex-text!
Missing character: There is no � in font [lmroman10-regular]:mapping=tex-text!
Invalid UTF-8 byte or sequence at line 66 replaced by U+FFFD.
Invalid UTF-8 byte or sequence at line 66 replaced by U+FFFD.
Invalid UTF-8 byte or sequence at line 66 replaced by U+FFFD.
Invalid UTF-8 byte or sequence at line 66 replaced by U+FFFD.
Invalid UTF-8 byte or sequence at line 66 replaced by U+FFFD.
Invalid UTF-8 byte or sequence at line 66 replaced by U+FFFD.
Invalid UTF-8 byte or sequence at line 66 replaced by U+FFFD.
Invalid UTF-8 byte or sequence at line 66 replaced by U+FFFD.
Invalid UTF-8 byte or sequence at line 66 replaced by U+FFFD.
Invalid UTF-8 byte or sequence at line 66 replaced by U+FFFD.
Invalid UTF-8 byte or sequence at line 66 replaced by U+FFFD.
Invalid UTF-8 byte or sequence at line 66 replaced by U+FFFD.
Invalid UTF-8 byte or sequence at line 66 replaced by U+FFFD.
Invalid UTF-8 byte or sequence at line 66 replaced by U+FFFD.
Invalid UTF-8 byte or sequence at line 66 replaced by U+FFFD.
Invalid UTF-8 byte or sequence at line 66 replaced by U+FFFD.
Invalid UTF-8 byte or sequence at line 66 replaced by U+FFFD.
Invalid UTF-8 byte or sequence at line 66 replaced by U+FFFD.
Missing character: There is no � in font [lmroman10-regular]:mapping=tex-text!
Missing character: There is no Ҽ in font [lmroman10-regular]:mapping=tex-text!
Missing character: There is no � in font [lmroman10-regular]:mapping=tex-text!
Missing character: There is no � in font [lmroman10-regular]:mapping=tex-text!
Missing character: There is no ϶ in font [lmroman10-regular]:mapping=tex-text!
Missing character: There is no � in font [lmroman10-regular]:mapping=tex-text!
Missing character: There is no � in font [lmroman10-regular]:mapping=tex-text!
Missing character: There is no ಻ in font [lmroman10-regular]:mapping=tex-text!
Missing character: There is no � in font [lmroman10-regular]:mapping=tex-text!
Missing character: There is no � in font [lmroman10-regular]:mapping=tex-text!
Missing character: There is no � in font [lmroman10-regular]:mapping=tex-text!
Missing character: There is no � in font [lmroman10-regular]:mapping=tex-text!
Missing character: There is no � in font [lmroman10-regular]:mapping=tex-text!
Missing character: There is no � in font [lmroman10-regular]:mapping=tex-text!
Missing character: There is no � in font [lmroman10-regular]:mapping=tex-text!
Missing character: There is no � in font [lmroman10-regular]:mapping=tex-text!
Missing character: There is no � in font [lmroman10-regular]:mapping=tex-text!
Missing character: There is no � in font [lmroman10-regular]:mapping=tex-text!
Missing character: There is no � in font [lmroman10-regular]:mapping=tex-text!
Missing character: There is no � in font [lmroman10-regular]:mapping=tex-text!
Missing character: There is no � in font [lmroman10-regular]:mapping=tex-text!
Invalid UTF-8 byte or sequence at line 68 replaced by U+FFFD.
Invalid UTF-8 byte or sequence at line 68 replaced by U+FFFD.
Invalid UTF-8 byte or sequence at line 68 replaced by U+FFFD.
Invalid UTF-8 byte or sequence at line 68 replaced by U+FFFD.
Invalid UTF-8 byte or sequence at line 68 replaced by U+FFFD.
Invalid UTF-8 byte or sequence at line 68 replaced by U+FFFD.
Invalid UTF-8 byte or sequence at line 68 replaced by U+FFFD.
Invalid UTF-8 byte or sequence at line 68 replaced by U+FFFD.
Invalid UTF-8 byte or sequence at line 68 replaced by U+FFFD.
Invalid UTF-8 byte or sequence at line 68 replaced by U+FFFD.
Invalid UTF-8 byte or sequence at line 68 replaced by U+FFFD.
Invalid UTF-8 byte or sequence at line 68 replaced by U+FFFD.
Missing character: There is no � in font [lmroman10-regular]:mapping=tex-text!
Missing character: There is no � in font [lmroman10-regular]:mapping=tex-text!
Missing character: There is no � in font [lmroman10-regular]:mapping=tex-text!
Missing character: There is no � in font [lmroman10-regular]:mapping=tex-text!
Missing character: There is no � in font [lmroman10-regular]:mapping=tex-text!
Missing character: There is no � in font [lmroman10-regular]:mapping=tex-text!
Missing character: There is no � in font [lmroman10-regular]:mapping=tex-text!
Missing character: There is no ˼ in font [lmroman10-regular]:mapping=tex-text!
Missing character: There is no � in font [lmroman10-regular]:mapping=tex-text!
Missing character: There is no � in font [lmroman10-regular]:mapping=tex-text!
Missing character: There is no � in font [lmroman10-regular]:mapping=tex-text!
Missing character: There is no л in font [lmroman10-regular]:mapping=tex-text!
Missing character: There is no � in font [lmroman10-regular]:mapping=tex-text!
Missing character: There is no � in font [lmroman10-regular]:mapping=tex-text!
Invalid UTF-8 byte or sequence at line 70 replaced by U+FFFD.
Invalid UTF-8 byte or sequence at line 70 replaced by U+FFFD.
Invalid UTF-8 byte or sequence at line 70 replaced by U+FFFD.
Invalid UTF-8 byte or sequence at line 70 replaced by U+FFFD.
Invalid UTF-8 byte or sequence at line 70 replaced by U+FFFD.
Invalid UTF-8 byte or sequence at line 70 replaced by U+FFFD.
Invalid UTF-8 byte or sequence at line 70 replaced by U+FFFD.
Invalid UTF-8 byte or sequence at line 70 replaced by U+FFFD.
Invalid UTF-8 byte or sequence at line 70 replaced by U+FFFD.
Invalid UTF-8 byte or sequence at line 70 replaced by U+FFFD.
Invalid UTF-8 byte or sequence at line 70 replaced by U+FFFD.
Missing character: There is no � in font [lmroman10-regular]:mapping=tex-text!
Missing character: There is no ε in font [lmroman10-regular]:mapping=tex-text!
Missing character: There is no � in font [lmroman10-regular]:mapping=tex-text!
Missing character: There is no � in font [lmroman10-regular]:mapping=tex-text!
Missing character: There is no � in font [lmroman10-regular]:mapping=tex-text!
Missing character: There is no ѡ in font [lmroman10-regular]:mapping=tex-text!
Missing character: There is no ȡ in font [lmroman10-regular]:mapping=tex-text!
Missing character: There is no � in font [lmroman10-regular]:mapping=tex-text!
Missing character: There is no � in font [lmroman10-regular]:mapping=tex-text!
Missing character: There is no � in font [lmroman10-regular]:mapping=tex-text!
Missing character: There is no Ҫ in font [lmroman10-regular]:mapping=tex-text!
Missing character: There is no ༭ in font [lmroman10-regular]:mapping=tex-text!
Missing character: There is no � in font [lmroman10-regular]:mapping=tex-text!
Missing character: There is no � in font [lmroman10-regular]:mapping=tex-text!
Missing character: There is no λ in font [lmroman10-regular]:mapping=tex-text!
Missing character: There is no � in font [lmroman10-regular]:mapping=tex-text!
Missing character: There is no � in font [lmroman10-regular]:mapping=tex-text!
Invalid UTF-8 byte or sequence at line 72 replaced by U+FFFD.
Invalid UTF-8 byte or sequence at line 72 replaced by U+FFFD.
Invalid UTF-8 byte or sequence at line 72 replaced by U+FFFD.
Invalid UTF-8 byte or sequence at line 72 replaced by U+FFFD.
Invalid UTF-8 byte or sequence at line 72 replaced by U+FFFD.
Invalid UTF-8 byte or sequence at line 72 replaced by U+FFFD.
Invalid UTF-8 byte or sequence at line 72 replaced by U+FFFD.
Invalid UTF-8 byte or sequence at line 72 replaced by U+FFFD.
Missing character: There is no � in font [lmroman10-regular]:mapping=tex-text!
Missing character: There is no � in font [lmroman10-regular]:mapping=tex-text!
Missing character: There is no � in font [lmroman10-regular]:mapping=tex-text!
Missing character: There is no � in font [lmroman10-regular]:mapping=tex-text!
Missing character: There is no � in font [lmroman10-regular]:mapping=tex-text!
Missing character: There is no � in font [lmroman10-regular]:mapping=tex-text!
Missing character: There is no � in font [lmroman10-regular]:mapping=tex-text!
Missing character: There is no � in font [lmroman10-regular]:mapping=tex-text!
Requested font "[lmroman7-regular]:mapping=tex-text" at 7.0pt
 -> D:/soft/program/ProText/MiKTeX/wholeMiktex/fonts/opentype/public/lm/lmroman
7-regular.otf
Requested font "[lmroman5-regular]:mapping=tex-text" at 5.0pt
 -> D:/soft/program/ProText/MiKTeX/wholeMiktex/fonts/opentype/public/lm/lmroman
5-regular.otf
LaTeX Font Info:    External font `cmex10' loaded for size
(Font)              <7> on input line 74.
LaTeX Font Info:    External font `cmex10' loaded for size
(Font)              <5> on input line 74.
Invalid UTF-8 byte or sequence at line 76 replaced by U+FFFD.
Invalid UTF-8 byte or sequence at line 76 replaced by U+FFFD.
Missing character: There is no � in font [lmroman10-regular]:mapping=tex-text!
Missing character: There is no � in font [lmroman10-regular]:mapping=tex-text!
[1

] [2] (test.aux) ) 
Here is how much of TeX's memory you used:
 17883 strings out of 428790
 370027 string characters out of 3163126
 392907 words of memory out of 3000000
 21110 multiletter control sequences out of 15000+200000
 3744 words of font info for 27 fonts, out of 3000000 for 9000
 1096 hyphenation exceptions out of 8191
 63i,6n,71p,10407b,223s stack positions out of 5000i,500n,10000p,200000b,50000s

Output written on test.pdf (2 pages).
